To honour the JVM settings for this build a single-use Daemon process will be forked. For more on this, please refer to https://docs.gradle.org/9.3.1/userguide/gradle_daemon.html#sec:disabling_the_daemon in the Gradle documentation.
Daemon will be stopped at the end of the build 
> Task :processResources UP-TO-DATE
> Task :quarkusGenerateAppModel UP-TO-DATE
> Task :quarkusGenerateCode UP-TO-DATE
> Task :compileJava UP-TO-DATE
> Task :classes UP-TO-DATE
> Task :jar
> Task :compileQuarkusTestGeneratedSourcesJava NO-SOURCE
> Task :quarkusGenerateTestAppModel
> Task :quarkusGenerateCodeTests
> Task :compileTestJava NO-SOURCE
> Task :processTestResources NO-SOURCE
> Task :testClasses UP-TO-DATE
> Task :test NO-SOURCE
> Task :quarkusBuildAppModel
> Task :quarkusAppPartsBuild
> Task :quarkusDependenciesBuild
> Task :quarkusBuild
> Task :assemble
> Task :check UP-TO-DATE
> Task :build

BUILD SUCCESSFUL in 13s
11 actionable tasks: 7 executed, 4 up-to-date
Consider enabling configuration cache to speed up this build: https://docs.gradle.org/9.3.1/userguide/configuration_cache_enabling.html
